[www.cafecitti.com/index.html]
[backblue.gif]
[fade.gif]
[index.html]
[images.squarespace-cdn.com/content/5ff6767ec271144bb2a523f2/1621800396664-DM8KWU1FJR7P3M7B17AE/citti_logo_2ee8a.jpg]
[assets.squarespace.com/universal/scripts-compressed/extract-css-runtime-df0bcb3fb161c9761a2a8-min.en-US.js]
[assets.squarespace.com/@sqs/polyfiller/1.2.2/legacy.js]
[use.typekit.net/ik/IGMzC3Mlfl8MIukpHjASSEOVR0M0x41MUG3NsU1GNSXfelIIfFHN4UJLFRbh52jhWDmcZRjaFRi8jDJawQIXFe4KwcIuwRFcwy7-MkG0jAFu-WsoShFGZAsude80ZkoRdhXCHKoyjamTiY8Djhy8ZYmC-Ao1Oco8if]
[assets.squarespace.com/@sqs/polyfiller/1.2.2/modern.js]
[assets.squarespace.com/universal/scripts-compressed/cldr-resource-pack-51def4af8f210f9d1e4fa-min.en-US.js]
[assets.squarespace.com/universal/scripts-compressed/common-vendors-stable-1f7107f1c77c3d102a5a3-min.en-US.js]
[assets.squarespace.com/universal/scripts-compressed/performance-27bdd9973d5746e78e9dc-min.en-US.js]
[static1.squarespace.com/static/versioned-site-css/5ff6767ec271144bb2a523f2/25/5c5a519771c10ba3470d8101/5ff6767ec271144bb2a5240b/1237/site.css]
[assets.squarespace.com/universal/scripts-compressed/extract-css-moment-js-vendor-0c99b8bf7f3dd5358b2f5-min.en-US.js]
[www.cafecitti.com/cart.html]
[images.squarespace-cdn.com/content/v1/5ff6767ec271144bb2a523f2/1621800396664-DM8KWU1FJR7P3M7B17AE/citti_logo_226f7.jpg]
[www.cafecitti.com/gallery.html]
[www.cafecitti.com/story.html]
[www.cafecitti.com/visit.html]
[assets.squarespace.com/universal/scripts-compressed/common-vendors-dae30d1b3ec6ab9fc7ef4-min.en-US.js]
[www.cafecitti.com/new-page.html]
[assets.squarespace.com/universal/scripts-compressed/common-4a6afb28cebe9defb7830-min.en-US.js]
[www.cafecitti.com/index.html]
[static1.squarespace.com/static/vta/5c5a519771c10ba3470d8101/scripts/site-bundle.2bcead3e45292dd2ca76335bceb625b4.js]
[assets.squarespace.com/universal/images-v6/damask/error-dark.png]
[assets.squarespace.com/universal/images-v6/damask/error-dark@2x.png]
[assets.squarespace.com/universal/images-v6/damask/play-button.png]
[assets.squarespace.com/universal/images-v6/damask/play-button@2x.png]
[assets.squarespace.com/universal/images-v6/damask/edit-aviary-light.png]
[assets.squarespace.com/universal/images-v6/damask/edit-aviary-light@2x.png]
[assets.squarespace.com/universal/images-v6/damask/edit-info-light.png]
[assets.squarespace.com/universal/images-v6/damask/edit-info-light@2x.png]
[assets.squarespace.com/universal/images-v6/damask/trash-9-light.png]
[assets.squarespace.com/universal/images-v6/damask/trash-9-light@2x.png]
[assets.squarespace.com/universal/images-v6/damask/trash-9-red.png]
[assets.squarespace.com/universal/images-v6/damask/trash-9-red@2x.png]
[assets.squarespace.com/universal/images-v6/damask/getty-16-light.png]
[assets.squarespace.com/universal/images-v6/damask/getty-32-light.png]
[assets.squarespace.com/universal/images-v6/damask/shopping-cart-16-light.png]
[assets.squarespace.com/universal/images-v6/damask/shopping-cart-32-light.png]
[static1.squarespace.com/universal/images-v6/icons/block-indicator-dark.png]
[static1.squarespace.com/universal/images-v6/icons/block-indicator-dark@2x.png]
[static1.squarespace.com/universal/images-v6/icons/opentable-icons.png]
[static1.squarespace.com/universal/images-v6/icons/icon-searchqueries-20-dark.png]
[static1.squarespace.com/universal/images-v6/icons/icon-searchqueries-20-light.png]
[assets.squarespace.com/universal/images-v6/icons/icon-video-24-light-solid.png]
[assets.squarespace.com/universal/images-v6/standard/icon_close_7_light.png]
[assets.squarespace.com/universal/images-v6/icons/icon-settings-16-light.png]
[static1.squarespace.com/static/versioned-site-css/5ff6767ec271144bb2a523f2/25/5c5a519771c10ba3470d8101/5ff6767ec271144bb2a5240b/1237/site.css]
[www.cafecitti.com/cart.html]
[www.cafecitti.com/gallery.html]
[assets.squarespace.com/universal/scripts-compressed/common-vendors-0441876b4087ba9680e93-min.en-US.js]
[static1.squarespace.com/static/versioned-site-css/5ff6767ec271144bb2a523f2/25/5c5a519771c10ba3470d8101/5ff6767ec271144bb2a5240b/1236/site.css]
[www.cafecitti.com/story.html]
[assets.squarespace.com/universal/scripts-compressed/common-d3706a7e08bf69eaac18d-min.en-US.js]
[assets.squarespace.com/universal/scripts-compressed/common-495da9fffdccb42e66888-min.en-US.js]
[images.squarespace-cdn.com/content/v1/5ff6767ec271144bb2a523f2/1620326707961-65H55R9FER32RD9EYSN3/IMG_0014.jpg]
[assets.squarespace.com/universal/scripts-compressed/common-vendors-2ea6320d05d5cb99d0df5-min.en-US.js]
[www.cafecitti.com/visit.html]
[assets.squarespace.com/universal/scripts-compressed/common-a4b4e688a98def25842d8-min.en-US.js]
[assets.squarespace.com/universal/scripts-compressed/common-vendors-b794cd15ab27ab5aabc07-min.en-US.js]
[images.squarespace-cdn.com/content/v1/5ff6767ec271144bb2a523f2/1620246901003-Z8QBOWEQ47LVD59EVL72/IMG_0044.jpg]
[images.squarespace-cdn.com/content/v1/5ff6767ec271144bb2a523f2/1620246876740-TS0JY4W6JA23L3H7EYCE/IMG_0017.jpg]
[assets.squarespace.com/universal/scripts-compressed/common-a9e56399661f24e8c2918-min.en-US.js]
[images.squarespace-cdn.com/content/v1/5ff6767ec271144bb2a523f2/1620246922288-CY7NFMSQWYRK1EFQ9GIE/IMG_0025.jpg]
[assets.squarespace.com/universal/scripts-compressed/commerce-checkout-770447828d52791d31b7a-min.en-US.js]
[www.cafecitti.com/new-page.html]
[static1.squarespace.com/static/versioned-site-css/5ff6767ec271144bb2a523f2/25/5c5a519771c10ba3470d8101/5ff6767ec271144bb2a5240b/1236/site.css]
